#-----------------------------------------------------------
# Vivado v2022.2 (64-bit)
# SW Build 3671981 on Fri Oct 14 04:59:54 MDT 2022
# IP Build 3669848 on Fri Oct 14 08:30:02 MDT 2022
# Start of session at: Tue Jan 30 11:11:30 2024
# Process ID: 65648
# Current directory: /home/binhkieudo/Workspace/RISC-V/Rocket/riscv_framework/fpga/programming
# Command line: vivado
# Log file: /home/binhkieudo/Workspace/RISC-V/Rocket/riscv_framework/fpga/programming/vivado.log
# Journal file: /home/binhkieudo/Workspace/RISC-V/Rocket/riscv_framework/fpga/programming/vivado.jou
# Running On: binhkieudo, OS: Linux, CPU Frequency: 3300.000 MHz, CPU Physical cores: 10, Host memory: 134739 MB
#-----------------------------------------------------------
start_gui
open_hw_manager
connect_hw_server -allow_non_jtag
open_hw_target
open_hw_target {localhost:3121/xilinx_tcf/Digilent/210319B269F6A}
current_hw_device [get_hw_devices xc7a100t_0]
refresh_hw_device -update_hw_probes false [lindex [get_hw_devices xc7a100t_0] 0]
set_property PROBES.FILE {} [get_hw_devices xc7a100t_0]
set_property FULL_PROBES.FILE {} [get_hw_devices xc7a100t_0]
set_property PROGRAM.FILE {/home/binhkieudo/Workspace/RISC-V/Rocket/riscv_framework/fpga/programming/Arty100THarness.bit} [get_hw_devices xc7a100t_0]
program_hw_devices [get_hw_devices xc7a100t_0]
refresh_hw_device [lindex [get_hw_devices xc7a100t_0] 0]
disconnect_hw_server localhost:3121
